2026-09-21 04:18:15,562 - aqt.main - INFO - installer 140620317039488 aqtinstall(aqt) v3.1.21 on Python 3.12.14 [CPython GCC 13.3.0]
2026-09-21 04:18:15,796 - aqt.main - INFO - installer 140362646395776 aqtinstall(aqt) v3.1.21 on Python 3.12.14 [CPython GCC 13.3.0]
2026-09-21 04:18:15,797 - aqt.helper - DEBUG - helper 140362646395776 Attempt to download checksum at https://download.qt.io/online/qtsdkrepository/linux_x64/desktop/qt6_683/qt6_683/Updates.xml.sha256
2026-09-21 04:18:17,425 - aqt.helper - DEBUG - helper 140362646395776 Attempt to download checksum at https://download.qt.io/online/qtsdkrepository/linux_x64/extensions/qtwebengine/683/x86_64/Updates.xml.sha256
2026-09-21 04:18:19,190 - aqt.archives - INFO - archives 140362646395776 Found extension qtwebengine
2026-09-21 04:18:19,190 - aqt.helper - DEBUG - helper 140362646395776 Attempt to download checksum at https://download.qt.io/online/qtsdkrepository/linux_x64/extensions/qtpdf/683/x86_64/Updates.xml.sha256
2026-09-21 04:18:21,068 - aqt.archives - INFO - archives 140362646395776 Found extension qtpdf
2026-09-21 04:18:21,468 - aqt.helper - DEBUG - helper 140241024158592 Attempt to download checksum at https://download.qt.io/online/qtsdkrepository/linux_x64/desktop/qt6_683/qt6_683/qt.qt6.683.linux_gcc_64/6.8.3-0-202503201345qtbase-Linux-RHEL_8_10-GCC-Linux-RHEL_8_10-X86_64.7z.sha256
2026-09-21 04:18:21,476 - aqt.helper - DEBUG - helper 139845384481664 Attempt to download checksum at https://download.qt.io/online/qtsdkrepository/linux_x64/desktop/qt6_683/qt6_683/qt.qt6.683.linux_gcc_64/6.8.3-0-202503201345qtsvg-Linux-RHEL_8_10-GCC-Linux-RHEL_8_10-X86_64.7z.sha256
2026-09-21 04:18:21,483 - aqt.helper - DEBUG - helper 139850245262208 Attempt to download checksum at https://download.qt.io/online/qtsdkrepository/linux_x64/desktop/qt6_683/qt6_683/qt.qt6.683.linux_gcc_64/6.8.3-0-202503201345qtdeclarative-Linux-RHEL_8_10-GCC-Linux-RHEL_8_10-X86_64.7z.sha256
2026-09-21 04:18:21,484 - aqt.helper - DEBUG - helper 140352133667712 Attempt to download checksum at https://download.qt.io/online/qtsdkrepository/linux_x64/desktop/qt6_683/qt6_683/qt.qt6.683.linux_gcc_64/6.8.3-0-202503201345qttools-Linux-RHEL_8_10-GCC-Linux-RHEL_8_10-X86_64.7z.sha256
2026-09-21 04:18:22,228 - aqt.helper - INFO - helper 140241024158592 Downloading qtbase...
2026-09-21 04:18:22,228 - aqt.installer - DEBUG - installer 140241024158592 Download URL: https://download.qt.io/online/qtsdkrepository/linux_x64/desktop/qt6_683/qt6_683/qt.qt6.683.linux_gcc_64/6.8.3-0-202503201345qtbase-Linux-RHEL_8_10-GCC-Linux-RHEL_8_10-X86_64.7z
2026-09-21 04:18:22,427 - aqt.helper - INFO - helper 139850245262208 Downloading qtdeclarative...
2026-09-21 04:18:22,427 - aqt.installer - DEBUG - installer 139850245262208 Download URL: https://download.qt.io/online/qtsdkrepository/linux_x64/desktop/qt6_683/qt6_683/qt.qt6.683.linux_gcc_64/6.8.3-0-202503201345qtdeclarative-Linux-RHEL_8_10-GCC-Linux-RHEL_8_10-X86_64.7z
2026-09-21 04:18:22,432 - aqt.helper - INFO - helper 139845384481664 Downloading qtsvg...
2026-09-21 04:18:22,433 - aqt.installer - DEBUG - installer 139845384481664 Download URL: https://download.qt.io/online/qtsdkrepository/linux_x64/desktop/qt6_683/qt6_683/qt.qt6.683.linux_gcc_64/6.8.3-0-202503201345qtsvg-Linux-RHEL_8_10-GCC-Linux-RHEL_8_10-X86_64.7z
2026-09-21 04:18:22,439 - aqt.helper - INFO - helper 140352133667712 Downloading qttools...
2026-09-21 04:18:22,440 - aqt.installer - DEBUG - installer 140352133667712 Download URL: https://download.qt.io/online/qtsdkrepository/linux_x64/desktop/qt6_683/qt6_683/qt.qt6.683.linux_gcc_64/6.8.3-0-202503201345qttools-Linux-RHEL_8_10-GCC-Linux-RHEL_8_10-X86_64.7z
2026-09-21 04:18:23,060 - aqt.helper - DEBUG - helper 140241024158592 Asked to redirect(302) to: https://mirrors.20i.com/pub/qt.io/online/qtsdkrepository/linux_x64/desktop/qt6_683/qt6_683/qt.qt6.683.linux_gcc_64/6.8.3-0-202503201345qtbase-Linux-RHEL_8_10-GCC-Linux-RHEL_8_10-X86_64.7z
2026-09-21 04:18:23,060 - aqt.helper - INFO - helper 140241024158592 Redirected: mirrors.20i.com
2026-09-21 04:18:23,189 - aqt.helper - DEBUG - helper 139850245262208 Asked to redirect(302) to: https://mirrors.20i.com/pub/qt.io/online/qtsdkrepository/linux_x64/desktop/qt6_683/qt6_683/qt.qt6.683.linux_gcc_64/6.8.3-0-202503201345qtdeclarative-Linux-RHEL_8_10-GCC-Linux-RHEL_8_10-X86_64.7z
2026-09-21 04:18:23,189 - aqt.helper - INFO - helper 139850245262208 Redirected: mirrors.20i.com
2026-09-21 04:18:23,200 - aqt.helper - DEBUG - helper 140352133667712 Asked to redirect(302) to: https://mirrors.20i.com/pub/qt.io/online/qtsdkrepository/linux_x64/desktop/qt6_683/qt6_683/qt.qt6.683.linux_gcc_64/6.8.3-0-202503201345qttools-Linux-RHEL_8_10-GCC-Linux-RHEL_8_10-X86_64.7z
2026-09-21 04:18:23,200 - aqt.helper - INFO - helper 140352133667712 Redirected: mirrors.20i.com
2026-09-21 04:18:23,201 - aqt.helper - DEBUG - helper 139845384481664 Asked to redirect(302) to: https://mirrors.20i.com/pub/qt.io/online/qtsdkrepository/linux_x64/desktop/qt6_683/qt6_683/qt.qt6.683.linux_gcc_64/6.8.3-0-202503201345qtsvg-Linux-RHEL_8_10-GCC-Linux-RHEL_8_10-X86_64.7z
2026-09-21 04:18:23,202 - aqt.helper - INFO - helper 139845384481664 Redirected: mirrors.20i.com
2026-09-21 04:18:24,244 - aqt.installer - INFO - installer 139845384481664 Finished installation of qtsvg-Linux-RHEL_8_10-GCC-Linux-RHEL_8_10-X86_64.7z in 2.77132957
2026-09-21 04:18:24,256 - aqt.helper - DEBUG - helper 139845384481664 Attempt to download checksum at https://download.qt.io/online/qtsdkrepository/linux_x64/desktop/qt6_683/qt6_683/qt.qt6.683.linux_gcc_64/6.8.3-0-202503201345qttranslations-Linux-RHEL_8_10-GCC-Linux-RHEL_8_10-X86_64.7z.sha256
2026-09-21 04:18:24,996 - aqt.helper - INFO - helper 139845384481664 Downloading qttranslations...
2026-09-21 04:18:24,997 - aqt.installer - DEBUG - installer 139845384481664 Download URL: https://download.qt.io/online/qtsdkrepository/linux_x64/desktop/qt6_683/qt6_683/qt.qt6.683.linux_gcc_64/6.8.3-0-202503201345qttranslations-Linux-RHEL_8_10-GCC-Linux-RHEL_8_10-X86_64.7z
2026-09-21 04:18:25,754 - aqt.helper - DEBUG - helper 139845384481664 Asked to redirect(302) to: https://mirrors.20i.com/pub/qt.io/online/qtsdkrepository/linux_x64/desktop/qt6_683/qt6_683/qt.qt6.683.linux_gcc_64/6.8.3-0-202503201345qttranslations-Linux-RHEL_8_10-GCC-Linux-RHEL_8_10-X86_64.7z
2026-09-21 04:18:25,755 - aqt.helper - INFO - helper 139845384481664 Redirected: mirrors.20i.com
2026-09-21 04:18:27,976 - aqt.installer - INFO - installer 139845384481664 Finished installation of qttranslations-Linux-RHEL_8_10-GCC-Linux-RHEL_8_10-X86_64.7z in 3.72174826
2026-09-21 04:18:27,992 - aqt.helper - DEBUG - helper 139845384481664 Attempt to download checksum at https://download.qt.io/online/qtsdkrepository/linux_x64/desktop/qt6_683/qt6_683/qt.qt6.683.linux_gcc_64/6.8.3-0-202503201345qtwayland-Linux-RHEL_8_10-GCC-Linux-RHEL_8_10-X86_64.7z.sha256
2026-09-21 04:18:28,759 - aqt.helper - INFO - helper 139845384481664 Downloading qtwayland...
2026-09-21 04:18:28,759 - aqt.installer - DEBUG - installer 139845384481664 Download URL: https://download.qt.io/online/qtsdkrepository/linux_x64/desktop/qt6_683/qt6_683/qt.qt6.683.linux_gcc_64/6.8.3-0-202503201345qtwayland-Linux-RHEL_8_10-GCC-Linux-RHEL_8_10-X86_64.7z
2026-09-21 04:18:29,017 - aqt.installer - INFO - installer 140241024158592 Finished installation of qtbase-Linux-RHEL_8_10-GCC-Linux-RHEL_8_10-X86_64.7z in 7.55061334
2026-09-21 04:18:29,035 - aqt.helper - DEBUG - helper 140241024158592 Attempt to download checksum at https://download.qt.io/online/qtsdkrepository/linux_x64/desktop/qt6_683/qt6_683/qt.qt6.683.linux_gcc_64/6.8.3-0-202503201345icu-linux-Rhel8.6-x86_64.7z.sha256
2026-09-21 04:18:29,536 - aqt.helper - DEBUG - helper 139845384481664 Asked to redirect(302) to: https://mirrors.20i.com/pub/qt.io/online/qtsdkrepository/linux_x64/desktop/qt6_683/qt6_683/qt.qt6.683.linux_gcc_64/6.8.3-0-202503201345qtwayland-Linux-RHEL_8_10-GCC-Linux-RHEL_8_10-X86_64.7z
2026-09-21 04:18:29,537 - aqt.helper - INFO - helper 139845384481664 Redirected: mirrors.20i.com
2026-09-21 04:18:29,714 - aqt.installer - INFO - installer 140352133667712 Finished installation of qttools-Linux-RHEL_8_10-GCC-Linux-RHEL_8_10-X86_64.7z in 8.23115260
2026-09-21 04:18:29,802 - aqt.helper - INFO - helper 140241024158592 Downloading icu...
2026-09-21 04:18:29,803 - aqt.installer - DEBUG - installer 140241024158592 Download URL: https://download.qt.io/online/qtsdkrepository/linux_x64/desktop/qt6_683/qt6_683/qt.qt6.683.linux_gcc_64/6.8.3-0-202503201345icu-linux-Rhel8.6-x86_64.7z
2026-09-21 04:18:30,562 - aqt.helper - DEBUG - helper 140241024158592 Asked to redirect(302) to: https://mirrors.20i.com/pub/qt.io/online/qtsdkrepository/linux_x64/desktop/qt6_683/qt6_683/qt.qt6.683.linux_gcc_64/6.8.3-0-202503201345icu-linux-Rhel8.6-x86_64.7z
2026-09-21 04:18:30,562 - aqt.helper - INFO - helper 140241024158592 Redirected: mirrors.20i.com
2026-09-21 04:18:31,075 - aqt.installer - INFO - installer 139845384481664 Finished installation of qtwayland-Linux-RHEL_8_10-GCC-Linux-RHEL_8_10-X86_64.7z in 3.08535587
2026-09-21 04:18:33,714 - aqt.installer - INFO - installer 140241024158592 Finished installation of icu-linux-Rhel8.6-x86_64.7z in 4.68058354
2026-09-21 04:18:40,321 - aqt.installer - INFO - installer 139850245262208 Finished installation of qtdeclarative-Linux-RHEL_8_10-GCC-Linux-RHEL_8_10-X86_64.7z in 18.83921927
2026-09-21 04:18:40,411 - aqt.updater - INFO - updater 140362646395776 Patching /home/runner/work/FreeCAD/Qt/6.8.3/gcc_64/bin/qmake
2026-09-21 04:18:40,415 - aqt.updater - INFO - updater 140362646395776 Patching /home/runner/work/FreeCAD/Qt/6.8.3/gcc_64/lib/pkgconfig/Qt6QmlWorkerScript.pc
2026-09-21 04:18:40,416 - aqt.updater - INFO - updater 140362646395776 Patching /home/runner/work/FreeCAD/Qt/6.8.3/gcc_64/lib/pkgconfig/Qt6Widgets.pc
2026-09-21 04:18:40,416 - aqt.updater - INFO - updater 140362646395776 Patching /home/runner/work/FreeCAD/Qt/6.8.3/gcc_64/lib/pkgconfig/Qt6WaylandClient.pc
2026-09-21 04:18:40,416 - aqt.updater - INFO - updater 140362646395776 Patching /home/runner/work/FreeCAD/Qt/6.8.3/gcc_64/lib/pkgconfig/Qt6QuickControls2Basic.pc
2026-09-21 04:18:40,416 - aqt.updater - INFO - updater 140362646395776 Patching /home/runner/work/FreeCAD/Qt/6.8.3/gcc_64/lib/pkgconfig/Qt6QuickDialogs2QuickImpl.pc
2026-09-21 04:18:40,417 - aqt.updater - INFO - updater 140362646395776 Patching /home/runner/work/FreeCAD/Qt/6.8.3/gcc_64/lib/pkgconfig/Qt6PrintSupport.pc
2026-09-21 04:18:40,417 - aqt.updater - INFO - updater 140362646395776 Patching /home/runner/work/FreeCAD/Qt/6.8.3/gcc_64/lib/pkgconfig/Qt6LabsQmlModels.pc
2026-09-21 04:18:40,417 - aqt.updater - INFO - updater 140362646395776 Patching /home/runner/work/FreeCAD/Qt/6.8.3/gcc_64/lib/pkgconfig/Qt6QuickControls2ImagineStyleImpl.pc
2026-09-21 04:18:40,418 - aqt.updater - INFO - updater 140362646395776 Patching /home/runner/work/FreeCAD/Qt/6.8.3/gcc_64/lib/pkgconfig/Qt6QuickControls2UniversalStyleImpl.pc
2026-09-21 04:18:40,418 - aqt.updater - INFO - updater 140362646395776 Patching /home/runner/work/FreeCAD/Qt/6.8.3/gcc_64/lib/pkgconfig/Qt6QuickControls2Impl.pc
2026-09-21 04:18:40,418 - aqt.updater - INFO - updater 140362646395776 Patching /home/runner/work/FreeCAD/Qt/6.8.3/gcc_64/lib/pkgconfig/Qt6Gui.pc
2026-09-21 04:18:40,418 - aqt.updater - INFO - updater 140362646395776 Patching /home/runner/work/FreeCAD/Qt/6.8.3/gcc_64/lib/pkgconfig/Qt6Platform.pc
2026-09-21 04:18:40,419 - aqt.updater - INFO - updater 140362646395776 Patching /home/runner/work/FreeCAD/Qt/6.8.3/gcc_64/lib/pkgconfig/Qt6Qml.pc
2026-09-21 04:18:40,419 - aqt.updater - INFO - updater 140362646395776 Patching /home/runner/work/FreeCAD/Qt/6.8.3/gcc_64/lib/pkgconfig/Qt6QuickDialogs2Utils.pc
2026-09-21 04:18:40,419 - aqt.updater - INFO - updater 140362646395776 Patching /home/runner/work/FreeCAD/Qt/6.8.3/gcc_64/lib/pkgconfig/Qt6QmlMeta.pc
2026-09-21 04:18:40,419 - aqt.updater - INFO - updater 140362646395776 Patching /home/runner/work/FreeCAD/Qt/6.8.3/gcc_64/lib/pkgconfig/Qt6LabsSharedImage.pc
2026-09-21 04:18:40,420 - aqt.updater - INFO - updater 140362646395776 Patching /home/runner/work/FreeCAD/Qt/6.8.3/gcc_64/lib/pkgconfig/Qt6Designer.pc
2026-09-21 04:18:40,420 - aqt.updater - INFO - updater 140362646395776 Patching /home/runner/work/FreeCAD/Qt/6.8.3/gcc_64/lib/pkgconfig/Qt6QuickWidgets.pc
2026-09-21 04:18:40,420 - aqt.updater - INFO - updater 140362646395776 Patching /home/runner/work/FreeCAD/Qt/6.8.3/gcc_64/lib/pkgconfig/Qt6QmlXmlListModel.pc
2026-09-21 04:18:40,420 - aqt.updater - INFO - updater 140362646395776 Patching /home/runner/work/FreeCAD/Qt/6.8.3/gcc_64/lib/pkgconfig/Qt6UiTools.pc
2026-09-21 04:18:40,421 - aqt.updater - INFO - updater 140362646395776 Patching /home/runner/work/FreeCAD/Qt/6.8.3/gcc_64/lib/pkgconfig/Qt6QuickControls2Fusion.pc
2026-09-21 04:18:40,421 - aqt.updater - INFO - updater 140362646395776 Patching /home/runner/work/FreeCAD/Qt/6.8.3/gcc_64/lib/pkgconfig/Qt6Quick.pc
2026-09-21 04:18:40,421 - aqt.updater - INFO - updater 140362646395776 Patching /home/runner/work/FreeCAD/Qt/6.8.3/gcc_64/lib/pkgconfig/Qt6QuickControls2FluentWinUI3StyleImpl.pc
2026-09-21 04:18:40,421 - aqt.updater - INFO - updater 140362646395776 Patching /home/runner/work/FreeCAD/Qt/6.8.3/gcc_64/lib/pkgconfig/Qt6QuickControls2MaterialStyleImpl.pc
2026-09-21 04:18:40,422 - aqt.updater - INFO - updater 140362646395776 Patching /home/runner/work/FreeCAD/Qt/6.8.3/gcc_64/lib/pkgconfig/Qt6SvgWidgets.pc
2026-09-21 04:18:40,422 - aqt.updater - INFO - updater 140362646395776 Patching /home/runner/work/FreeCAD/Qt/6.8.3/gcc_64/lib/pkgconfig/Qt6QmlLocalStorage.pc
2026-09-21 04:18:40,422 - aqt.updater - INFO - updater 140362646395776 Patching /home/runner/work/FreeCAD/Qt/6.8.3/gcc_64/lib/pkgconfig/Qt6Svg.pc
2026-09-21 04:18:40,422 - aqt.updater - INFO - updater 140362646395776 Patching /home/runner/work/FreeCAD/Qt/6.8.3/gcc_64/lib/pkgconfig/Qt6QmlModels.pc
2026-09-21 04:18:40,423 - aqt.updater - INFO - updater 140362646395776 Patching /home/runner/work/FreeCAD/Qt/6.8.3/gcc_64/lib/pkgconfig/Qt6QuickControls2.pc
2026-09-21 04:18:40,423 - aqt.updater - INFO - updater 140362646395776 Patching /home/runner/work/FreeCAD/Qt/6.8.3/gcc_64/lib/pkgconfig/Qt6QmlCompiler.pc
2026-09-21 04:18:40,423 - aqt.updater - INFO - updater 140362646395776 Patching /home/runner/work/FreeCAD/Qt/6.8.3/gcc_64/lib/pkgconfig/Qt6QuickControls2Universal.pc
2026-09-21 04:18:40,423 - aqt.updater - INFO - updater 140362646395776 Patching /home/runner/work/FreeCAD/Qt/6.8.3/gcc_64/lib/pkgconfig/Qt6Core.pc
2026-09-21 04:18:40,424 - aqt.updater - INFO - updater 140362646395776 Patching /home/runner/work/FreeCAD/Qt/6.8.3/gcc_64/lib/pkgconfig/Qt6Sql.pc
2026-09-21 04:18:40,424 - aqt.updater - INFO - updater 140362646395776 Patching /home/runner/work/FreeCAD/Qt/6.8.3/gcc_64/lib/pkgconfig/Qt6QuickControls2FusionStyleImpl.pc
2026-09-21 04:18:40,424 - aqt.updater - INFO - updater 140362646395776 Patching /home/runner/work/FreeCAD/Qt/6.8.3/gcc_64/lib/pkgconfig/Qt6LabsFolderListModel.pc
2026-09-21 04:18:40,424 - aqt.updater - INFO - updater 140362646395776 Patching /home/runner/work/FreeCAD/Qt/6.8.3/gcc_64/lib/pkgconfig/Qt6OpenGL.pc
2026-09-21 04:18:40,425 - aqt.updater - INFO - updater 140362646395776 Patching /home/runner/work/FreeCAD/Qt/6.8.3/gcc_64/lib/pkgconfig/Qt6QmlCore.pc
2026-09-21 04:18:40,425 - aqt.updater - INFO - updater 140362646395776 Patching /home/runner/work/FreeCAD/Qt/6.8.3/gcc_64/lib/pkgconfig/Qt6Help.pc
2026-09-21 04:18:40,425 - aqt.updater - INFO - updater 140362646395776 Patching /home/runner/work/FreeCAD/Qt/6.8.3/gcc_64/lib/pkgconfig/Qt6DBus.pc
2026-09-21 04:18:40,425 - aqt.updater - INFO - updater 140362646395776 Patching /home/runner/work/FreeCAD/Qt/6.8.3/gcc_64/lib/pkgconfig/Qt6QuickVectorImage.pc
2026-09-21 04:18:40,426 - aqt.updater - INFO - updater 140362646395776 Patching /home/runner/work/FreeCAD/Qt/6.8.3/gcc_64/lib/pkgconfig/Qt6LabsPlatform.pc
2026-09-21 04:18:40,426 - aqt.updater - INFO - updater 140362646395776 Patching /home/runner/work/FreeCAD/Qt/6.8.3/gcc_64/lib/pkgconfig/Qt6QuickTest.pc
2026-09-21 04:18:40,426 - aqt.updater - INFO - updater 140362646395776 Patching /home/runner/work/FreeCAD/Qt/6.8.3/gcc_64/lib/pkgconfig/Qt6LabsWavefrontMesh.pc
2026-09-21 04:18:40,426 - aqt.updater - INFO - updater 140362646395776 Patching /home/runner/work/FreeCAD/Qt/6.8.3/gcc_64/lib/pkgconfig/Qt6QmlIntegration.pc
2026-09-21 04:18:40,427 - aqt.updater - INFO - updater 140362646395776 Patching /home/runner/work/FreeCAD/Qt/6.8.3/gcc_64/lib/pkgconfig/Qt6OpenGLWidgets.pc
2026-09-21 04:18:40,427 - aqt.updater - INFO - updater 140362646395776 Patching /home/runner/work/FreeCAD/Qt/6.8.3/gcc_64/lib/pkgconfig/Qt6Test.pc
2026-09-21 04:18:40,427 - aqt.updater - INFO - updater 140362646395776 Patching /home/runner/work/FreeCAD/Qt/6.8.3/gcc_64/lib/pkgconfig/Qt6LabsAnimation.pc
2026-09-21 04:18:40,427 - aqt.updater - INFO - updater 140362646395776 Patching /home/runner/work/FreeCAD/Qt/6.8.3/gcc_64/lib/pkgconfig/Qt6Concurrent.pc
2026-09-21 04:18:40,428 - aqt.updater - INFO - updater 140362646395776 Patching /home/runner/work/FreeCAD/Qt/6.8.3/gcc_64/lib/pkgconfig/Qt6QuickControls2Imagine.pc
2026-09-21 04:18:40,428 - aqt.updater - INFO - updater 140362646395776 Patching /home/runner/work/FreeCAD/Qt/6.8.3/gcc_64/lib/pkgconfig/Qt6QuickTemplates2.pc
2026-09-21 04:18:40,428 - aqt.updater - INFO - updater 140362646395776 Patching /home/runner/work/FreeCAD/Qt/6.8.3/gcc_64/lib/pkgconfig/Qt6QuickLayouts.pc
2026-09-21 04:18:40,428 - aqt.updater - INFO - updater 140362646395776 Patching /home/runner/work/FreeCAD/Qt/6.8.3/gcc_64/lib/pkgconfig/Qt6QuickDialogs2.pc
2026-09-21 04:18:40,429 - aqt.updater - INFO - updater 140362646395776 Patching /home/runner/work/FreeCAD/Qt/6.8.3/gcc_64/lib/pkgconfig/Qt6Network.pc
2026-09-21 04:18:40,429 - aqt.updater - INFO - updater 140362646395776 Patching /home/runner/work/FreeCAD/Qt/6.8.3/gcc_64/lib/pkgconfig/Qt6QuickControls2BasicStyleImpl.pc
2026-09-21 04:18:40,429 - aqt.updater - INFO - updater 140362646395776 Patching /home/runner/work/FreeCAD/Qt/6.8.3/gcc_64/lib/pkgconfig/Qt6LabsSettings.pc
2026-09-21 04:18:40,429 - aqt.updater - INFO - updater 140362646395776 Patching /home/runner/work/FreeCAD/Qt/6.8.3/gcc_64/lib/pkgconfig/Qt6QmlAssetDownloader.pc
2026-09-21 04:18:40,429 - aqt.updater - INFO - updater 140362646395776 Patching /home/runner/work/FreeCAD/Qt/6.8.3/gcc_64/lib/pkgconfig/Qt6Linguist.pc
2026-09-21 04:18:40,430 - aqt.updater - INFO - updater 140362646395776 Patching /home/runner/work/FreeCAD/Qt/6.8.3/gcc_64/lib/pkgconfig/Qt6UiPlugin.pc
2026-09-21 04:18:40,430 - aqt.updater - INFO - updater 140362646395776 Patching /home/runner/work/FreeCAD/Qt/6.8.3/gcc_64/lib/pkgconfig/Qt6QuickControls2Material.pc
2026-09-21 04:18:40,430 - aqt.updater - INFO - updater 140362646395776 Patching /home/runner/work/FreeCAD/Qt/6.8.3/gcc_64/lib/pkgconfig/Qt6Xml.pc
2026-09-21 04:18:40,430 - aqt.updater - INFO - updater 140362646395776 Patching /home/runner/work/FreeCAD/Qt/6.8.3/gcc_64/lib/pkgconfig/Qt6QmlNetwork.pc
2026-09-21 04:18:40,432 - aqt.updater - INFO - updater 140362646395776 Patching /home/runner/work/FreeCAD/Qt/6.8.3/gcc_64/lib/libQt6QuickControlsTestUtils.prl
2026-09-21 04:18:40,432 - aqt.updater - INFO - updater 140362646395776 Patching /home/runner/work/FreeCAD/Qt/6.8.3/gcc_64/lib/libQt6LabsFolderListModel.prl
2026-09-21 04:18:40,432 - aqt.updater - INFO - updater 140362646395776 Patching /home/runner/work/FreeCAD/Qt/6.8.3/gcc_64/lib/libQt6EglFsKmsGbmSupport.prl
2026-09-21 04:18:40,432 - aqt.updater - INFO - updater 140362646395776 Patching /home/runner/work/FreeCAD/Qt/6.8.3/gcc_64/lib/libQt6Designer.prl
2026-09-21 04:18:40,433 - aqt.updater - INFO - updater 140362646395776 Patching /home/runner/work/FreeCAD/Qt/6.8.3/gcc_64/lib/libQt6Help.prl
2026-09-21 04:18:40,433 - aqt.updater - INFO - updater 140362646395776 Patching /home/runner/work/FreeCAD/Qt/6.8.3/gcc_64/lib/libQt6InputSupport.prl
2026-09-21 04:18:40,433 - aqt.updater - INFO - updater 140362646395776 Patching /home/runner/work/FreeCAD/Qt/6.8.3/gcc_64/lib/libQt6PrintSupport.prl
2026-09-21 04:18:40,433 - aqt.updater - INFO - updater 140362646395776 Patching /home/runner/work/FreeCAD/Qt/6.8.3/gcc_64/lib/libQt6QmlCore.prl
2026-09-21 04:18:40,434 - aqt.updater - INFO - updater 140362646395776 Patching /home/runner/work/FreeCAD/Qt/6.8.3/gcc_64/lib/libQt6KmsSupport.prl
2026-09-21 04:18:40,434 - aqt.updater - INFO - updater 140362646395776 Patching /home/runner/work/FreeCAD/Qt/6.8.3/gcc_64/lib/libQt6QmlDebug.prl
2026-09-21 04:18:40,434 - aqt.updater - INFO - updater 140362646395776 Patching /home/runner/work/FreeCAD/Qt/6.8.3/gcc_64/lib/libQt6LabsPlatform.prl
2026-09-21 04:18:40,434 - aqt.updater - INFO - updater 140362646395776 Patching /home/runner/work/FreeCAD/Qt/6.8.3/gcc_64/lib/libQt6QmlTypeRegistrar.prl
2026-09-21 04:18:40,435 - aqt.updater - INFO - updater 140362646395776 Patching /home/runner/work/FreeCAD/Qt/6.8.3/gcc_64/lib/libQt6EglFsKmsSupport.prl
2026-09-21 04:18:40,435 - aqt.updater - INFO - updater 140362646395776 Patching /home/runner/work/FreeCAD/Qt/6.8.3/gcc_64/lib/libQt6UiTools.prl
2026-09-21 04:18:40,435 - aqt.updater - INFO - updater 140362646395776 Patching /home/runner/work/FreeCAD/Qt/6.8.3/gcc_64/lib/libQt6Sql.prl
2026-09-21 04:18:40,436 - aqt.updater - INFO - updater 140362646395776 Patching /home/runner/work/FreeCAD/Qt/6.8.3/gcc_64/lib/libQt6QuickControls2Impl.prl
2026-09-21 04:18:40,436 - aqt.updater - INFO - updater 140362646395776 Patching /home/runner/work/FreeCAD/Qt/6.8.3/gcc_64/lib/libQt6QmlLocalStorage.prl
2026-09-21 04:18:40,436 - aqt.updater - INFO - updater 140362646395776 Patching /home/runner/work/FreeCAD/Qt/6.8.3/gcc_64/lib/libQt6LabsSharedImage.prl
2026-09-21 04:18:40,436 - aqt.updater - INFO - updater 140362646395776 Patching /home/runner/work/FreeCAD/Qt/6.8.3/gcc_64/lib/libQt6QmlAssetDownloader.prl
2026-09-21 04:18:40,437 - aqt.updater - INFO - updater 140362646395776 Patching /home/runner/work/FreeCAD/Qt/6.8.3/gcc_64/lib/libQt6LabsQmlModels.prl
2026-09-21 04:18:40,437 - aqt.updater - INFO - updater 140362646395776 Patching /home/runner/work/FreeCAD/Qt/6.8.3/gcc_64/lib/libQt6QuickControls2Imagine.prl
2026-09-21 04:18:40,437 - aqt.updater - INFO - updater 140362646395776 Patching /home/runner/work/FreeCAD/Qt/6.8.3/gcc_64/lib/libQt6DesignerComponents.prl
2026-09-21 04:18:40,437 - aqt.updater - INFO - updater 140362646395776 Patching /home/runner/work/FreeCAD/Qt/6.8.3/gcc_64/lib/libQt6QuickLayouts.prl
2026-09-21 04:18:40,438 - aqt.updater - INFO - updater 140362646395776 Patching /home/runner/work/FreeCAD/Qt/6.8.3/gcc_64/lib/libQt6QuickControls2FluentWinUI3StyleImpl.prl
2026-09-21 04:18:40,438 - aqt.updater - INFO - updater 140362646395776 Patching /home/runner/work/FreeCAD/Qt/6.8.3/gcc_64/lib/libQt6QuickVectorImage.prl
2026-09-21 04:18:40,438 - aqt.updater - INFO - updater 140362646395776 Patching /home/runner/work/FreeCAD/Qt/6.8.3/gcc_64/lib/libQt6Qml.prl
2026-09-21 04:18:40,439 - aqt.updater - INFO - updater 140362646395776 Patching /home/runner/work/FreeCAD/Qt/6.8.3/gcc_64/lib/libQt6QuickTemplates2.prl
2026-09-21 04:18:40,439 - aqt.updater - INFO - updater 140362646395776 Patching /home/runner/work/FreeCAD/Qt/6.8.3/gcc_64/lib/libQt6QuickControls2UniversalStyleImpl.prl
2026-09-21 04:18:40,439 - aqt.updater - INFO - updater 140362646395776 Patching /home/runner/work/FreeCAD/Qt/6.8.3/gcc_64/lib/libQt6QuickControls2FusionStyleImpl.prl
2026-09-21 04:18:40,439 - aqt.updater - INFO - updater 140362646395776 Patching /home/runner/work/FreeCAD/Qt/6.8.3/gcc_64/lib/libQt6Quick.prl
2026-09-21 04:18:40,440 - aqt.updater - INFO - updater 140362646395776 Patching /home/runner/work/FreeCAD/Qt/6.8.3/gcc_64/lib/libQt6QuickDialogs2.prl
2026-09-21 04:18:40,440 - aqt.updater - INFO - updater 140362646395776 Patching /home/runner/work/FreeCAD/Qt/6.8.3/gcc_64/lib/libQt6WaylandClient.prl
2026-09-21 04:18:40,440 - aqt.updater - INFO - updater 140362646395776 Patching /home/runner/work/FreeCAD/Qt/6.8.3/gcc_64/lib/libQt6DeviceDiscoverySupport.prl
2026-09-21 04:18:40,440 - aqt.updater - INFO - updater 140362646395776 Patching /home/runner/work/FreeCAD/Qt/6.8.3/gcc_64/lib/libQt6QmlWorkerScript.prl
2026-09-21 04:18:40,441 - aqt.updater - INFO - updater 140362646395776 Patching /home/runner/work/FreeCAD/Qt/6.8.3/gcc_64/lib/libQt6QuickControls2Universal.prl
2026-09-21 04:18:40,441 - aqt.updater - INFO - updater 140362646395776 Patching /home/runner/work/FreeCAD/Qt/6.8.3/gcc_64/lib/libQt6Gui.prl
2026-09-21 04:18:40,441 - aqt.updater - INFO - updater 140362646395776 Patching /home/runner/work/FreeCAD/Qt/6.8.3/gcc_64/lib/libQt6QuickControls2ImagineStyleImpl.prl
2026-09-21 04:18:40,442 - aqt.updater - INFO - updater 140362646395776 Patching /home/runner/work/FreeCAD/Qt/6.8.3/gcc_64/lib/libQt6Concurrent.prl
2026-09-21 04:18:40,442 - aqt.updater - INFO - updater 140362646395776 Patching /home/runner/work/FreeCAD/Qt/6.8.3/gcc_64/lib/libQt6Network.prl
2026-09-21 04:18:40,442 - aqt.updater - INFO - updater 140362646395776 Patching /home/runner/work/FreeCAD/Qt/6.8.3/gcc_64/lib/libQt6QuickControls2Material.prl
2026-09-21 04:18:40,442 - aqt.updater - INFO - updater 140362646395776 Patching /home/runner/work/FreeCAD/Qt/6.8.3/gcc_64/lib/libQt6QuickVectorImageGenerator.prl
2026-09-21 04:18:40,443 - aqt.updater - INFO - updater 140362646395776 Patching /home/runner/work/FreeCAD/Qt/6.8.3/gcc_64/lib/libQt6QmlXmlListModel.prl
2026-09-21 04:18:40,443 - aqt.updater - INFO - updater 140362646395776 Patching /home/runner/work/FreeCAD/Qt/6.8.3/gcc_64/lib/libQt6ExampleIcons.prl
2026-09-21 04:18:40,443 - aqt.updater - INFO - updater 140362646395776 Patching /home/runner/work/FreeCAD/Qt/6.8.3/gcc_64/lib/libQt6Widgets.prl
2026-09-21 04:18:40,443 - aqt.updater - INFO - updater 140362646395776 Patching /home/runner/work/FreeCAD/Qt/6.8.3/gcc_64/lib/libQt6EglFSDeviceIntegration.prl
2026-09-21 04:18:40,444 - aqt.updater - INFO - updater 140362646395776 Patching /home/runner/work/FreeCAD/Qt/6.8.3/gcc_64/lib/libQt6QuickParticles.prl
2026-09-21 04:18:40,444 - aqt.updater - INFO - updater 140362646395776 Patching /home/runner/work/FreeCAD/Qt/6.8.3/gcc_64/lib/libQt6LabsSettings.prl
2026-09-21 04:18:40,444 - aqt.updater - INFO - updater 140362646395776 Patching /home/runner/work/FreeCAD/Qt/6.8.3/gcc_64/lib/libQt6QuickControls2Fusion.prl
2026-09-21 04:18:40,444 - aqt.updater - INFO - updater 140362646395776 Patching /home/runner/work/FreeCAD/Qt/6.8.3/gcc_64/lib/libQt6QmlMeta.prl
2026-09-21 04:18:40,445 - aqt.updater - INFO - updater 140362646395776 Patching /home/runner/work/FreeCAD/Qt/6.8.3/gcc_64/lib/libQt6QuickDialogs2Utils.prl
2026-09-21 04:18:40,445 - aqt.updater - INFO - updater 140362646395776 Patching /home/runner/work/FreeCAD/Qt/6.8.3/gcc_64/lib/libQt6Xml.prl
2026-09-21 04:18:40,445 - aqt.updater - INFO - updater 140362646395776 Patching /home/runner/work/FreeCAD/Qt/6.8.3/gcc_64/lib/libQt6QuickDialogs2QuickImpl.prl
2026-09-21 04:18:40,446 - aqt.updater - INFO - updater 140362646395776 Patching /home/runner/work/FreeCAD/Qt/6.8.3/gcc_64/lib/libQt6XcbQpa.prl
2026-09-21 04:18:40,446 - aqt.updater - INFO - updater 140362646395776 Patching /home/runner/work/FreeCAD/Qt/6.8.3/gcc_64/lib/libQt6QmlNetwork.prl
2026-09-21 04:18:40,446 - aqt.updater - INFO - updater 140362646395776 Patching /home/runner/work/FreeCAD/Qt/6.8.3/gcc_64/lib/libQt6QuickTest.prl
2026-09-21 04:18:40,446 - aqt.updater - INFO - updater 140362646395776 Patching /home/runner/work/FreeCAD/Qt/6.8.3/gcc_64/lib/libQt6ExamplesAssetDownloader.prl
2026-09-21 04:18:40,447 - aqt.updater - INFO - updater 140362646395776 Patching /home/runner/work/FreeCAD/Qt/6.8.3/gcc_64/lib/libQt6QuickControls2MaterialStyleImpl.prl
2026-09-21 04:18:40,447 - aqt.updater - INFO - updater 140362646395776 Patching /home/runner/work/FreeCAD/Qt/6.8.3/gcc_64/lib/libQt6LabsWavefrontMesh.prl
2026-09-21 04:18:40,447 - aqt.updater - INFO - updater 140362646395776 Patching /home/runner/work/FreeCAD/Qt/6.8.3/gcc_64/lib/libQt6Test.prl
2026-09-21 04:18:40,447 - aqt.updater - INFO - updater 140362646395776 Patching /home/runner/work/FreeCAD/Qt/6.8.3/gcc_64/lib/libQt6FbSupport.prl
2026-09-21 04:18:40,448 - aqt.updater - INFO - updater 140362646395776 Patching /home/runner/work/FreeCAD/Qt/6.8.3/gcc_64/lib/libQt6Core.prl
2026-09-21 04:18:40,448 - aqt.updater - INFO - updater 140362646395776 Patching /home/runner/work/FreeCAD/Qt/6.8.3/gcc_64/lib/libQt6QuickWidgets.prl
2026-09-21 04:18:40,448 - aqt.updater - INFO - updater 140362646395776 Patching /home/runner/work/FreeCAD/Qt/6.8.3/gcc_64/lib/libQt6QuickControls2.prl
2026-09-21 04:18:40,448 - aqt.updater - INFO - updater 140362646395776 Patching /home/runner/work/FreeCAD/Qt/6.8.3/gcc_64/lib/libQt6QmlToolingSettings.prl
2026-09-21 04:18:40,449 - aqt.updater - INFO - updater 140362646395776 Patching /home/runner/work/FreeCAD/Qt/6.8.3/gcc_64/lib/libQt6WlShellIntegration.prl
2026-09-21 04:18:40,449 - aqt.updater - INFO - updater 140362646395776 Patching /home/runner/work/FreeCAD/Qt/6.8.3/gcc_64/lib/libQt6OpenGLWidgets.prl
2026-09-21 04:18:40,449 - aqt.updater - INFO - updater 140362646395776 Patching /home/runner/work/FreeCAD/Qt/6.8.3/gcc_64/lib/libQt6SvgWidgets.prl
2026-09-21 04:18:40,449 - aqt.updater - INFO - updater 140362646395776 Patching /home/runner/work/FreeCAD/Qt/6.8.3/gcc_64/lib/libQt6QuickControls2Basic.prl
2026-09-21 04:18:40,450 - aqt.updater - INFO - updater 140362646395776 Patching /home/runner/work/FreeCAD/Qt/6.8.3/gcc_64/lib/libQt6QuickControls2BasicStyleImpl.prl
2026-09-21 04:18:40,450 - aqt.updater - INFO - updater 140362646395776 Patching /home/runner/work/FreeCAD/Qt/6.8.3/gcc_64/lib/libQt6DBus.prl
2026-09-21 04:18:40,450 - aqt.updater - INFO - updater 140362646395776 Patching /home/runner/work/FreeCAD/Qt/6.8.3/gcc_64/lib/libQt6QmlModels.prl
2026-09-21 04:18:40,450 - aqt.updater - INFO - updater 140362646395776 Patching /home/runner/work/FreeCAD/Qt/6.8.3/gcc_64/lib/libQt6OpenGL.prl
2026-09-21 04:18:40,451 - aqt.updater - INFO - updater 140362646395776 Patching /home/runner/work/FreeCAD/Qt/6.8.3/gcc_64/lib/libQt6QmlLS.prl
2026-09-21 04:18:40,451 - aqt.updater - INFO - updater 140362646395776 Patching /home/runner/work/FreeCAD/Qt/6.8.3/gcc_64/lib/libQt6WaylandEglClientHwIntegration.prl
2026-09-21 04:18:40,451 - aqt.updater - INFO - updater 140362646395776 Patching /home/runner/work/FreeCAD/Qt/6.8.3/gcc_64/lib/libQt6QmlDom.prl
2026-09-21 04:18:40,451 - aqt.updater - INFO - updater 140362646395776 Patching /home/runner/work/FreeCAD/Qt/6.8.3/gcc_64/lib/libQt6QmlCompiler.prl
2026-09-21 04:18:40,452 - aqt.updater - INFO - updater 140362646395776 Patching /home/runner/work/FreeCAD/Qt/6.8.3/gcc_64/lib/libQt6QuickEffects.prl
2026-09-21 04:18:40,452 - aqt.updater - INFO - updater 140362646395776 Patching /home/runner/work/FreeCAD/Qt/6.8.3/gcc_64/lib/libQt6LabsAnimation.prl
2026-09-21 04:18:40,452 - aqt.updater - INFO - updater 140362646395776 Patching /home/runner/work/FreeCAD/Qt/6.8.3/gcc_64/lib/libQt6QuickTestUtils.prl
2026-09-21 04:18:40,452 - aqt.updater - INFO - updater 140362646395776 Patching /home/runner/work/FreeCAD/Qt/6.8.3/gcc_64/lib/libQt6QuickShapes.prl
2026-09-21 04:18:40,453 - aqt.updater - INFO - updater 140362646395776 Patching /home/runner/work/FreeCAD/Qt/6.8.3/gcc_64/lib/libQt6PacketProtocol.prl
2026-09-21 04:18:40,453 - aqt.updater - INFO - updater 140362646395776 Patching /home/runner/work/FreeCAD/Qt/6.8.3/gcc_64/lib/libQt6Svg.prl
2026-09-21 04:18:40,453 - aqt.main - INFO - installer 140362646395776 Finished installation
2026-09-21 04:18:40,453 - aqt.main - INFO - installer 140362646395776 Time elapsed: 24.65696244 second
